../MCAL/EXTI/EXTI_Program.c:10:6:EXTI_voidHardwareInterruptEnable	16	static
../MCAL/EXTI/EXTI_Program.c:34:6:EXTI_voidHardwareEventEnable	16	static
../MCAL/EXTI/EXTI_Program.c:57:6:EXTI_voidSoftwareInterruptMask	16	static
../MCAL/EXTI/EXTI_Program.c:63:6:EXTI_voidSoftwareEventMask	16	static
../MCAL/EXTI/EXTI_Program.c:71:6:EXTI_voidSetCallBackFunction	16	static
../MCAL/EXTI/EXTI_Program.c:76:6:EXTI0_IRQHandler	8	static
../MCAL/EXTI/EXTI_Program.c:82:6:EXTI1_IRQHandler	8	static
../MCAL/EXTI/EXTI_Program.c:88:6:EXTI2_IRQHandler	8	static
../MCAL/EXTI/EXTI_Program.c:94:6:EXTI3_IRQHandler	8	static
../MCAL/EXTI/EXTI_Program.c:100:6:EXTI4_IRQHandler	8	static
../MCAL/EXTI/EXTI_Program.c:106:6:EXTI9_5_IRQHandler	16	static
../MCAL/EXTI/EXTI_Program.c:117:6:EXTI15_10_IRQHandler	16	static
