../MCAL/TIMERS/TIMERS_Program.c:12:6:TIMERS_voidInit	16	static
../MCAL/TIMERS/TIMERS_Program.c:17:6:TIMERS_voidStopTimer	16	static
../MCAL/TIMERS/TIMERS_Program.c:22:6:TIMERS_voidDelaySec	24	static
../MCAL/TIMERS/TIMERS_Program.c:49:6:TIMERS_voidDelayMilliSec	24	static
../MCAL/TIMERS/TIMERS_Program.c:81:6:TIMERS_voidSetInterrupt	24	static
../MCAL/TIMERS/TIMERS_Program.c:113:6:TIM2_IRQHandler	8	static
../MCAL/TIMERS/TIMERS_Program.c:120:6:TIM3_IRQHandler	8	static
../MCAL/TIMERS/TIMERS_Program.c:127:6:TIM4_IRQHandler	8	static
../MCAL/TIMERS/TIMERS_Program.c:134:6:TIM5_IRQHandler	8	static
../MCAL/TIMERS/TIMERS_Program.c:142:6:TIMERS_voidInitPWM	24	static
../MCAL/TIMERS/TIMERS_Program.c:209:6:TIMERS_voidUpdateDutyCycle	24	static
../MCAL/TIMERS/TIMERS_Program.c:228:13:TIMERS_voidConfigurePWMPins	24	static
