Archive member included to satisfy reference by file (symbol)

C:/ST/STM32CubeIDE_1.15.1/STM32CubeIDE/plugins/com.st.stm32cube.ide.mcu.externaltools.gnu-tools-for-stm32.12.3.rel1.win32_1.0.200.202406191623/tools/bin/../lib/gcc/arm-none-eabi/12.3.1/../../../../arm-none-eabi/lib/thumb/v7e-m+fp/hard\libc_nano.a(libc_a-exit.o)
                              C:/ST/STM32CubeIDE_1.15.1/STM32CubeIDE/plugins/com.st.stm32cube.ide.mcu.externaltools.gnu-tools-for-stm32.12.3.rel1.win32_1.0.200.202406191623/tools/bin/../lib/gcc/arm-none-eabi/12.3.1/../../../../arm-none-eabi/lib/thumb/v7e-m+fp/hard/crt0.o (exit)
C:/ST/STM32CubeIDE_1.15.1/STM32CubeIDE/plugins/com.st.stm32cube.ide.mcu.externaltools.gnu-tools-for-stm32.12.3.rel1.win32_1.0.200.202406191623/tools/bin/../lib/gcc/arm-none-eabi/12.3.1/../../../../arm-none-eabi/lib/thumb/v7e-m+fp/hard\libc_nano.a(libc_a-findfp.o)
                              C:/ST/STM32CubeIDE_1.15.1/STM32CubeIDE/plugins/com.st.stm32cube.ide.mcu.externaltools.gnu-tools-for-stm32.12.3.rel1.win32_1.0.200.202406191623/tools/bin/../lib/gcc/arm-none-eabi/12.3.1/../../../../arm-none-eabi/lib/thumb/v7e-m+fp/hard\libc_nano.a(libc_a-exit.o) (__stdio_exit_handler)
C:/ST/STM32CubeIDE_1.15.1/STM32CubeIDE/plugins/com.st.stm32cube.ide.mcu.externaltools.gnu-tools-for-stm32.12.3.rel1.win32_1.0.200.202406191623/tools/bin/../lib/gcc/arm-none-eabi/12.3.1/../../../../arm-none-eabi/lib/thumb/v7e-m+fp/hard\libc_nano.a(libc_a-fwalk.o)
                              C:/ST/STM32CubeIDE_1.15.1/STM32CubeIDE/plugins/com.st.stm32cube.ide.mcu.externaltools.gnu-tools-for-stm32.12.3.rel1.win32_1.0.200.202406191623/tools/bin/../lib/gcc/arm-none-eabi/12.3.1/../../../../arm-none-eabi/lib/thumb/v7e-m+fp/hard\libc_nano.a(libc_a-findfp.o) (_fwalk_sglue)
C:/ST/STM32CubeIDE_1.15.1/STM32CubeIDE/plugins/com.st.stm32cube.ide.mcu.externaltools.gnu-tools-for-stm32.12.3.rel1.win32_1.0.200.202406191623/tools/bin/../lib/gcc/arm-none-eabi/12.3.1/../../../../arm-none-eabi/lib/thumb/v7e-m+fp/hard\libc_nano.a(libc_a-stdio.o)
                              C:/ST/STM32CubeIDE_1.15.1/STM32CubeIDE/plugins/com.st.stm32cube.ide.mcu.externaltools.gnu-tools-for-stm32.12.3.rel1.win32_1.0.200.202406191623/tools/bin/../lib/gcc/arm-none-eabi/12.3.1/../../../../arm-none-eabi/lib/thumb/v7e-m+fp/hard\libc_nano.a(libc_a-findfp.o) (__sread)
C:/ST/STM32CubeIDE_1.15.1/STM32CubeIDE/plugins/com.st.stm32cube.ide.mcu.externaltools.gnu-tools-for-stm32.12.3.rel1.win32_1.0.200.202406191623/tools/bin/../lib/gcc/arm-none-eabi/12.3.1/../../../../arm-none-eabi/lib/thumb/v7e-m+fp/hard\libc_nano.a(libc_a-memset.o)
                              C:/ST/STM32CubeIDE_1.15.1/STM32CubeIDE/plugins/com.st.stm32cube.ide.mcu.externaltools.gnu-tools-for-stm32.12.3.rel1.win32_1.0.200.202406191623/tools/bin/../lib/gcc/arm-none-eabi/12.3.1/../../../../arm-none-eabi/lib/thumb/v7e-m+fp/hard/crt0.o (memset)
C:/ST/STM32CubeIDE_1.15.1/STM32CubeIDE/plugins/com.st.stm32cube.ide.mcu.externaltools.gnu-tools-for-stm32.12.3.rel1.win32_1.0.200.202406191623/tools/bin/../lib/gcc/arm-none-eabi/12.3.1/../../../../arm-none-eabi/lib/thumb/v7e-m+fp/hard\libc_nano.a(libc_a-closer.o)
                              C:/ST/STM32CubeIDE_1.15.1/STM32CubeIDE/plugins/com.st.stm32cube.ide.mcu.externaltools.gnu-tools-for-stm32.12.3.rel1.win32_1.0.200.202406191623/tools/bin/../lib/gcc/arm-none-eabi/12.3.1/../../../../arm-none-eabi/lib/thumb/v7e-m+fp/hard\libc_nano.a(libc_a-stdio.o) (_close_r)
C:/ST/STM32CubeIDE_1.15.1/STM32CubeIDE/plugins/com.st.stm32cube.ide.mcu.externaltools.gnu-tools-for-stm32.12.3.rel1.win32_1.0.200.202406191623/tools/bin/../lib/gcc/arm-none-eabi/12.3.1/../../../../arm-none-eabi/lib/thumb/v7e-m+fp/hard\libc_nano.a(libc_a-reent.o)
                              C:/ST/STM32CubeIDE_1.15.1/STM32CubeIDE/plugins/com.st.stm32cube.ide.mcu.externaltools.gnu-tools-for-stm32.12.3.rel1.win32_1.0.200.202406191623/tools/bin/../lib/gcc/arm-none-eabi/12.3.1/../../../../arm-none-eabi/lib/thumb/v7e-m+fp/hard\libc_nano.a(libc_a-closer.o) (errno)
C:/ST/STM32CubeIDE_1.15.1/STM32CubeIDE/plugins/com.st.stm32cube.ide.mcu.externaltools.gnu-tools-for-stm32.12.3.rel1.win32_1.0.200.202406191623/tools/bin/../lib/gcc/arm-none-eabi/12.3.1/../../../../arm-none-eabi/lib/thumb/v7e-m+fp/hard\libc_nano.a(libc_a-impure.o)
                              C:/ST/STM32CubeIDE_1.15.1/STM32CubeIDE/plugins/com.st.stm32cube.ide.mcu.externaltools.gnu-tools-for-stm32.12.3.rel1.win32_1.0.200.202406191623/tools/bin/../lib/gcc/arm-none-eabi/12.3.1/../../../../arm-none-eabi/lib/thumb/v7e-m+fp/hard\libc_nano.a(libc_a-reent.o) (_impure_ptr)
C:/ST/STM32CubeIDE_1.15.1/STM32CubeIDE/plugins/com.st.stm32cube.ide.mcu.externaltools.gnu-tools-for-stm32.12.3.rel1.win32_1.0.200.202406191623/tools/bin/../lib/gcc/arm-none-eabi/12.3.1/../../../../arm-none-eabi/lib/thumb/v7e-m+fp/hard\libc_nano.a(libc_a-lseekr.o)
[...]
Memory Configuration

Name             Origin             Length             Attributes
RAM              0x20000000         0x00020000         xrw
FLASH            0x08000000         0x00080000         xr
*default*        0x00000000         0xffffffff

Linker script and memory map

LOAD C:/ST/STM32CubeIDE_1.15.1/STM32CubeIDE/plugins/com.st.stm32cube.ide.mcu.externaltools.gnu-tools-for-stm32.12.3.rel1.win32_1.0.200.202406191623/tools/bin/../lib/gcc/arm-none-eabi/12.3.1/thumb/v7e-m+fp/hard/crti.o
LOAD C:/ST/STM32CubeIDE_1.15.1/STM32CubeIDE/plugins/com.st.stm32cube.ide.mcu.externaltools.gnu-tools-for-stm32.12.3.rel1.win32_1.0.200.202406191623/tools/bin/../lib/gcc/arm-none-eabi/12.3.1/thumb/v7e-m+fp/hard/crtbegin.o
LOAD C:/ST/STM32CubeIDE_1.15.1/STM32CubeIDE/plugins/com.st.stm32cube.ide.mcu.externaltools.gnu-tools-for-stm32.12.3.rel1.win32_1.0.200.202406191623/tools/bin/../lib/gcc/arm-none-eabi/12.3.1/../../../../arm-none-eabi/lib/thumb/v7e-m+fp/hard/crt0.o
LOAD ./Core/Src/gpio.o
LOAD ./Core/Src/main.o
LOAD ./Core/Src/stm32f4xx_hal_msp.o
LOAD ./Core/Src/stm32f4xx_it.o
LOAD ./Core/Src/syscalls.o
LOAD ./Core/Src/sysmem.o
LOAD ./Core/Src/system_stm32f4xx.o
LOAD ./Core/Src/tim.o
LOAD ./Core/Startup/startup_stm32f446retx.o
LOAD ./Drivers/STM32F4xx_HAL_Driver/Src/stm32f4xx_hal.o
LOAD ./Drivers/STM32F4xx_HAL_Driver/Src/stm32f4xx_hal_cortex.o
LOAD ./Drivers/STM32F4xx_HAL_Driver/Src/stm32f4xx_hal_dma.o
LOAD ./Drivers/STM32F4xx_HAL_Driver/Src/stm32f4xx_hal_dma_ex.o
LOAD ./Drivers/STM32F4xx_HAL_Driver/Src/stm32f4xx_hal_exti.o
LOAD ./Drivers/STM32F4xx_HAL_Driver/Src/stm32f4xx_hal_flash.o
LOAD ./Drivers/STM32F4xx_HAL_Driver/Src/stm32f4xx_hal_flash_ex.o
LOAD ./Drivers/STM32F4xx_HAL_Driver/Src/stm32f4xx_hal_flash_ramfunc.o
LOAD ./Drivers/STM32F4xx_HAL_Driver/Src/stm32f4xx_hal_gpio.o
LOAD ./Drivers/STM32F4xx_HAL_Driver/Src/stm32f4xx_hal_pwr.o
LOAD ./Drivers/STM32F4xx_HAL_Driver/Src/stm32f4xx_hal_pwr_ex.o
LOAD ./Drivers/STM32F4xx_HAL_Driver/Src/stm32f4xx_hal_rcc.o
LOAD ./Drivers/STM32F4xx_HAL_Driver/Src/stm32f4xx_hal_rcc_ex.o
LOAD ./Drivers/STM32F4xx_HAL_Driver/Src/stm32f4xx_hal_tim.o
LOAD ./Drivers/STM32F4xx_HAL_Driver/Src/stm32f4xx_hal_tim_ex.o
LOAD ./ECUAL/BT_Module/BT_Program.o
LOAD ./ECUAL/Button/Button_Program.o
LOAD ./ECUAL/INA219/INA219_Program.o
LOAD ./ECUAL/KeyPad/KEYPAD_Program.o
LOAD ./ECUAL/LED/LED_Program.o
LOAD ./ECUAL/SERVO/SERVO_Program.o
LOAD ./ECUAL/SSD/SSD_Program.o
LOAD ./MCAL/DMA/DMA_Program.o
LOAD ./MCAL/EXTI/EXTI_Program.o
LOAD ./MCAL/FMI/FMI_Program.o
LOAD ./MCAL/GPIO/GPIO_Program.o
LOAD ./MCAL/I2C/I2C_Program.o
LOAD ./MCAL/NVIC/NVIC_Program.o
LOAD ./MCAL/RCC/RCC_Program.o
LOAD ./MCAL/SCB/SCB_Program.o
LOAD ./MCAL/SPI/SPI_Program.o
LOAD ./MCAL/SYSCFG/SYSCFG_Program.o
LOAD ./MCAL/TIMERS/TIMERS_Program.o
LOAD ./MCAL/USART/USART_Program.o
START GROUP
LOAD C:/ST/STM32CubeIDE_1.15.1/STM32CubeIDE/plugins/com.st.stm32cube.ide.mcu.externaltools.gnu-tools-for-stm32.12.3.rel1.win32_1.0.200.202406191623/tools/bin/../lib/gcc/arm-none-eabi/12.3.1/../../../../arm-none-eabi/lib/thumb/v7e-m+fp/hard\libc_nano.a
LOAD C:/ST/STM32CubeIDE_1.15.1/STM32CubeIDE/plugins/com.st.stm32cube.ide.mcu.externaltools.gnu-tools-for-stm32.12.3.rel1.win32_1.0.200.202406191623/tools/bin/../lib/gcc/arm-none-eabi/12.3.1/../../../../arm-none-eabi/lib/thumb/v7e-m+fp/hard\libm.a
END GROUP
START GROUP
LOAD C:/ST/STM32CubeIDE_1.15.1/STM32CubeIDE/plugins/com.st.stm32cube.ide.mcu.externaltools.gnu-tools-for-stm32.12.3.rel1.win32_1.0.200.202406191623/tools/bin/../lib/gcc/arm-none-eabi/12.3.1/thumb/v7e-m+fp/hard\libgcc.a
LOAD C:/ST/STM32CubeIDE_1.15.1/STM32CubeIDE/plugins/com.st.stm32cube.ide.mcu.externaltools.gnu-tools-for-stm32.12.3.rel1.win32_1.0.200.202406191623/tools/bin/../lib/gcc/arm-none-eabi/12.3.1/../../../../arm-none-eabi/lib/thumb/v7e-m+fp/hard\libc_nano.a
END GROUP
START GROUP
LOAD C:/ST/STM32CubeIDE_1.15.1/STM32CubeIDE/plugins/com.st.stm32cube.ide.mcu.externaltools.gnu-tools-for-stm32.12.3.rel1.win32_1.0.200.202406191623/tools/bin/../lib/gcc/arm-none-eabi/12.3.1/thumb/v7e-m+fp/hard\libgcc.a
LOAD C:/ST/STM32CubeIDE_1.15.1/STM32CubeIDE/plugins/com.st.stm32cube.ide.mcu.externaltools.gnu-tools-for-stm32.12.3.rel1.win32_1.0.200.202406191623/tools/bin/../lib/gcc/arm-none-eabi/12.3.1/../../../../arm-none-eabi/lib/thumb/v7e-m+fp/hard\libc_nano.a
LOAD C:/ST/STM32CubeIDE_1.15.1/STM32CubeIDE/plugins/com.st.stm32cube.ide.mcu.externaltools.gnu-tools-for-stm32.12.3.rel1.win32_1.0.200.202406191623/tools/bin/../lib/gcc/arm-none-eabi/12.3.1/../../../../arm-none-eabi/lib/thumb/v7e-m+fp/hard\libnosys.a
END GROUP
START GROUP
LOAD C:/ST/STM32CubeIDE_1.15.1/STM32CubeIDE/plugins/com.st.stm32cube.ide.mcu.externaltools.gnu-tools-for-stm32.12.3.rel1.win32_1.0.200.202406191623/tools/bin/../lib/gcc/arm-none-eabi/12.3.1/thumb/v7e-m+fp/hard\libgcc.a
LOAD C:/ST/STM32CubeIDE_1.15.1/STM32CubeIDE/plugins/com.st.stm32cube.ide.mcu.externaltools.gnu-tools-for-stm32.12.3.rel1.win32_1.0.200.202406191623/tools/bin/../lib/gcc/arm-none-eabi/12.3.1/../../../../arm-none-eabi/lib/thumb/v7e-m+fp/hard\libc_nano.a
LOAD C:/ST/STM32CubeIDE_1.15.1/STM32CubeIDE/plugins/com.st.stm32cube.ide.mcu.externaltools.gnu-tools-for-stm32.12.3.rel1.win32_1.0.200.202406191623/tools/bin/../lib/gcc/arm-none-eabi/12.3.1/../../../../arm-none-eabi/lib/thumb/v7e-m+fp/hard\libnosys.a
END GROUP
LOAD C:/ST/STM32CubeIDE_1.15.1/STM32CubeIDE/plugins/com.st.stm32cube.ide.mcu.externaltools.gnu-tools-for-stm32.12.3.rel1.win32_1.0.200.202406191623/tools/bin/../lib/gcc/arm-none-eabi/12.3.1/thumb/v7e-m+fp/hard/crtend.o
LOAD C:/ST/STM32CubeIDE_1.15.1/STM32CubeIDE/plugins/com.st.stm32cube.ide.mcu.externaltools.gnu-tools-for-stm32.12.3.rel1.win32_1.0.200.202406191623/tools/bin/../lib/gcc/arm-none-eabi/12.3.1/thumb/v7e-m+fp/hard/crtn.o
                0x20020000                        _estack = (ORIGIN (RAM) + LENGTH (RAM))
                0x00000200                        _Min_Heap_Size = 0x200
                0x00000400                        _Min_Stack_Size = 0x400

.isr_vector     0x08000000      0x1c4
                0x08000000                        . = ALIGN (0x4)
 *(.isr_vector)
 .isr_vector    0x08000000      0x1c4 ./Core/Startup/startup_stm32f446retx.o
                0x08000000                g_pfnVectors
                0x080001c4                        . = ALIGN (0x4)

.text           0x080001c4     0x2e68
                0x080001c4                        . = ALIGN (0x4)
 *(.text)
 .text          0x080001c4       0x40 C:/ST/STM32CubeIDE_1.15.1/STM32CubeIDE/plugins/com.st.stm32cube.ide.mcu.externaltools.gnu-tools-for-stm32.12.3.rel1.win32_1.0.200.202406191623/tools/bin/../lib/gcc/arm-none-eabi/12.3.1/thumb/v7e-m+fp/hard/crtbegin.o
 .text          0x08000204       0x30 C:/ST/STM32CubeIDE_1.15.1/STM32CubeIDE/plugins/com.st.stm32cube.ide.mcu.externaltools.gnu-tools-for-stm32.12.3.rel1.win32_1.0.200.202406191623/tools/bin/../lib/gcc/arm-none-eabi/12.3.1/thumb/v7e-m+fp/hard\libgcc.a(_aeabi_uldivmod.o)
                0x08000204                __aeabi_uldivmod
 .text          0x08000234      0x2bc C:/ST/STM32CubeIDE_1.15.1/STM32CubeIDE/plugins/com.st.stm32cube.ide.mcu.externaltools.gnu-tools-for-stm32.12.3.rel1.win32_1.0.200.202406191623/tools/bin/../lib/gcc/arm-none-eabi/12.3.1/thumb/v7e-m+fp/hard\libgcc.a(_udivmoddi4.o)
                0x08000234                __udivmoddi4
 .text          0x080004f0        0x4 C:/ST/STM32CubeIDE_1.15.1/STM32CubeIDE/plugins/com.st.stm32cube.ide.mcu.externaltools.gnu-tools-for-stm32.12.3.rel1.win32_1.0.200.202406191623/tools/bin/../lib/gcc/arm-none-eabi/12.3.1/thumb/v7e-m+fp/hard\libgcc.a(_dvmd_tls.o)
                0x080004f0                __aeabi_idiv0
                0x080004f0                __aeabi_ldiv0
 *(.text*)
 .text.MX_GPIO_Init
                0x080004f4       0x50 ./Core/Src/gpio.o
                0x080004f4                MX_GPIO_Init
 .text.main     0x08000544       0x5c ./Core/Src/main.o
                0x08000544                main
 .text.SystemClock_Config
                0x080005a0       0xd8 ./Core/Src/main.o
                0x080005a0                SystemClock_Config
 .text.Error_Handler
                0x08000678        0xc ./Core/Src/main.o
                0x08000678                Error_Handler
 .text.HAL_MspInit
                0x08000684       0x50 ./Core/Src/stm32f4xx_hal_msp.o
                0x08000684                HAL_MspInit
 .text.NMI_Handler
                0x080006d4        0x8 ./Core/Src/stm32f4xx_it.o
                0x080006d4                NMI_Handler
 .text.HardFault_Handler
                0x080006dc        0x8 ./Core/Src/stm32f4xx_it.o
                0x080006dc                HardFault_Handler
 .text.MemManage_Handler
                0x080006e4        0x8 ./Core/Src/stm32f4xx_it.o
                0x080006e4                MemManage_Handler
 .text.BusFault_Handler
                0x080006ec        0x8 ./Core/Src/stm32f4xx_it.o
                0x080006ec                BusFault_Handler
 .text.UsageFault_Handler
                0x080006f4        0x8 ./Core/Src/stm32f4xx_it.o
                0x080006f4                UsageFault_Handler
 .text.SVC_Handler
                0x080006fc        0xe ./Core/Src/stm32f4xx_it.o
                0x080006fc                SVC_Handler
 .text.DebugMon_Handler
                0x0800070a        0xe ./Core/Src/stm32f4xx_it.o
                0x0800070a                DebugMon_Handler
 .text.PendSV_Handler
                0x08000718        0xe ./Core/Src/stm32f4xx_it.o
                0x08000718                PendSV_Handler
 .text.SysTick_Handler
                0x08000726        0xc ./Core/Src/stm32f4xx_it.o
                0x08000726                SysTick_Handler
 *fill*         0x08000732        0x2 
 .text.SystemInit
                0x08000734       0x24 ./Core/Src/system_stm32f4xx.o
                0x08000734                SystemInit
 .text.MX_TIM2_Init
                0x08000758       0xec ./Core/Src/tim.o
                0x08000758                MX_TIM2_Init
 .text.HAL_TIM_Base_MspInit
                0x08000844       0x40 ./Core/Src/tim.o
                0x08000844                HAL_TIM_Base_MspInit
 .text.HAL_TIM_MspPostInit
                0x08000884       0x70 ./Core/Src/tim.o
                0x08000884                HAL_TIM_MspPostInit
 .text.Reset_Handler
                0x080008f4       0x50 ./Core/Startup/startup_stm32f446retx.o
                0x080008f4                Reset_Handler
 .text.Default_Handler
                0x08000944        0x2 ./Core/Startup/startup_stm32f446retx.o
                0x08000944                RTC_Alarm_IRQHandler
                0x08000944                TIM8_CC_IRQHandler
                0x08000944                FMPI2C1_EV_IRQHandler
                0x08000944                SPI4_IRQHandler
                0x08000944                TIM1_CC_IRQHandler
                0x08000944                DMA2_Stream5_IRQHandler
                0x08000944                DMA1_Stream5_IRQHandler
                0x08000944                PVD_IRQHandler
                0x08000944                SDIO_IRQHandler
                0x08000944                TAMP_STAMP_IRQHandler
                0x08000944                CAN2_RX1_IRQHandler
                0x08000944                TIM8_TRG_COM_TIM14_IRQHandler
                0x08000944                TIM1_UP_TIM10_IRQHandler
                0x08000944                TIM8_UP_TIM13_IRQHandler
                0x08000944                I2C3_ER_IRQHandler
                0x08000944                I2C2_EV_IRQHandler
                0x08000944                DMA1_Stream2_IRQHandler
                0x08000944                CAN1_RX0_IRQHandler
                0x08000944                FPU_IRQHandler
                0x08000944                OTG_HS_WKUP_IRQHandler
                0x08000944                CAN2_SCE_IRQHandler
                0x08000944                DMA2_Stream2_IRQHandler
                0x08000944                SPI1_IRQHandler
                0x08000944                TIM6_DAC_IRQHandler
                0x08000944                TIM1_BRK_TIM9_IRQHandler
                0x08000944                DCMI_IRQHandler
                0x08000944                CAN2_RX0_IRQHandler
                0x08000944                DMA2_Stream3_IRQHandler
                0x08000944                SAI2_IRQHandler
                0x08000944                USART6_IRQHandler
                0x08000944                USART3_IRQHandler
                0x08000944                CAN1_RX1_IRQHandler
                0x08000944                UART5_IRQHandler
                0x08000944                DMA2_Stream0_IRQHandler
                0x08000944                QUADSPI_IRQHandler
                0x08000944                I2C1_EV_IRQHandler
                0x08000944                DMA1_Stream6_IRQHandler
                0x08000944                DMA1_Stream1_IRQHandler
                0x08000944                UART4_IRQHandler
                0x08000944                RCC_IRQHandler
                0x08000944                TIM8_BRK_TIM12_IRQHandler
                0x08000944                Default_Handler
                0x08000944                CEC_IRQHandler
                0x08000944                ADC_IRQHandler
                0x08000944                DMA1_Stream7_IRQHandler
                0x08000944                TIM7_IRQHandler
                0x08000944                CAN2_TX_IRQHandler
                0x08000944                DMA2_Stream7_IRQHandler
                0x08000944                I2C3_EV_IRQHandler
                0x08000944                RTC_WKUP_IRQHandler
                0x08000944                SPDIF_RX_IRQHandler
                0x08000944                SPI2_IRQHandler
                0x08000944                OTG_HS_EP1_IN_IRQHandler
                0x08000944                DMA1_Stream0_IRQHandler
                0x08000944                CAN1_TX_IRQHandler
                0x08000944                FMPI2C1_ER_IRQHandler
                0x08000944                OTG_HS_EP1_OUT_IRQHandler
                0x08000944                WWDG_IRQHandler
                0x08000944                OTG_FS_WKUP_IRQHandler
                0x08000944                TIM1_TRG_COM_TIM11_IRQHandler
                0x08000944                OTG_HS_IRQHandler
                0x08000944                USART2_IRQHandler
                0x08000944                I2C2_ER_IRQHandler
                0x08000944                DMA2_Stream1_IRQHandler
                0x08000944                CAN1_SCE_IRQHandler
                0x08000944                FLASH_IRQHandler
                0x08000944                DMA2_Stream4_IRQHandler
                0x08000944                USART1_IRQHandler
                0x08000944                OTG_FS_IRQHandler
                0x08000944                SPI3_IRQHandler
                0x08000944                DMA1_Stream4_IRQHandler
                0x08000944                I2C1_ER_IRQHandler
                0x08000944                FMC_IRQHandler
                0x08000944                DMA2_Stream6_IRQHandler
                0x08000944                SAI1_IRQHandler
                0x08000944                DMA1_Stream3_IRQHandler
 *fill*         0x08000946        0x2 
 .text.HAL_Init
                0x08000948       0x44 ./Drivers/STM32F4xx_HAL_Driver/Src/stm32f4xx_hal.o
                0x08000948                HAL_Init
 .text.HAL_InitTick
                0x0800098c       0x60 ./Drivers/STM32F4xx_HAL_Driver/Src/stm32f4xx_hal.o
                0x0800098c                HAL_InitTick
 .text.HAL_IncTick
                0x080009ec       0x28 ./Drivers/STM32F4xx_HAL_Driver/Src/stm32f4xx_hal.o
                0x080009ec                HAL_IncTick
 .text.HAL_GetTick
                0x08000a14       0x18 ./Drivers/STM32F4xx_HAL_Driver/Src/stm32f4xx_hal.o
                0x08000a14                HAL_GetTick
 .text.HAL_Delay
                0x08000a2c       0x48 ./Drivers/STM32F4xx_HAL_Driver/Src/stm32f4xx_hal.o
                0x08000a2c                HAL_Delay
 .text.__NVIC_SetPriorityGrouping
                0x08000a74       0x48 ./Drivers/STM32F4xx_HAL_Driver/Src/stm32f4xx_hal_cortex.o
 .text.__NVIC_GetPriorityGrouping
                0x08000abc       0x1c ./Drivers/STM32F4xx_HAL_Driver/Src/stm32f4xx_hal_cortex.o
 .text.__NVIC_SetPriority
                0x08000ad8       0x54 ./Drivers/STM32F4xx_HAL_Driver/Src/stm32f4xx_hal_cortex.o
 .text.NVIC_EncodePriority
                0x08000b2c       0x66 ./Drivers/STM32F4xx_HAL_Driver/Src/stm32f4xx_hal_cortex.o
 *fill*         0x08000b92        0x2 
 .text.SysTick_Config
                0x08000b94       0x44 ./Drivers/STM32F4xx_HAL_Driver/Src/stm32f4xx_hal_cortex.o
 .text.HAL_NVIC_SetPriorityGrouping
                0x08000bd8       0x16 ./Drivers/STM32F4xx_HAL_Driver/Src/stm32f4xx_hal_cortex.o
                0x08000bd8                HAL_NVIC_SetPriorityGrouping
 .text.HAL_NVIC_SetPriority
                0x08000bee       0x38 ./Drivers/STM32F4xx_HAL_Driver/Src/stm32f4xx_hal_cortex.o
                0x08000bee                HAL_NVIC_SetPriority
 .text.HAL_SYSTICK_Config
                0x08000c26       0x18 ./Drivers/STM32F4xx_HAL_Driver/Src/stm32f4xx_hal_cortex.o
                0x08000c26                HAL_SYSTICK_Config
 *fill*         0x08000c3e        0x2 
 .text.HAL_GPIO_Init
                0x08000c40      0x328 ./Drivers/STM32F4xx_HAL_Driver/Src/stm32f4xx_hal_gpio.o
                0x08000c40                HAL_GPIO_Init
 .text.HAL_RCC_ClockConfig
                0x08000f68      0x1cc ./Drivers/STM32F4xx_HAL_Driver/Src/stm32f4xx_hal_rcc.o
                0x08000f68                HAL_RCC_ClockConfig
 .text.HAL_RCC_GetSysClockFreq
                0x08001134      0x354 ./Drivers/STM32F4xx_HAL_Driver/Src/stm32f4xx_hal_rcc_ex.o
                0x08001134                HAL_RCC_GetSysClockFreq
 .text.HAL_RCC_OscConfig
                0x08001488      0x53c ./Drivers/STM32F4xx_HAL_Driver/Src/stm32f4xx_hal_rcc_ex.o
                0x08001488                HAL_RCC_OscConfig
 .text.HAL_TIM_Base_Init
                0x080019c4       0x9e ./Drivers/STM32F4xx_HAL_Driver/Src/stm32f4xx_hal_tim.o
                0x080019c4                HAL_TIM_Base_Init
 .text.HAL_TIM_PWM_Init
                0x08001a62       0x9e ./Drivers/STM32F4xx_HAL_Driver/Src/stm32f4xx_hal_tim.o
                0x08001a62                HAL_TIM_PWM_Init
 .text.HAL_TIM_PWM_MspInit
                0x08001b00       0x14 ./Drivers/STM32F4xx_HAL_Driver/Src/stm32f4xx_hal_tim.o
                0x08001b00                HAL_TIM_PWM_MspInit
 .text.HAL_TIM_PWM_Start
                0x08001b14      0x190 ./Drivers/STM32F4xx_HAL_Driver/Src/stm32f4xx_hal_tim.o
                0x08001b14                HAL_TIM_PWM_Start
 .text.HAL_TIM_PWM_ConfigChannel
                0x08001ca4      0x184 ./Drivers/STM32F4xx_HAL_Driver/Src/stm32f4xx_hal_tim.o
                0x08001ca4                HAL_TIM_PWM_ConfigChannel
 .text.HAL_TIM_ConfigClockSource
                0x08001e28      0x18e ./Drivers/STM32F4xx_HAL_Driver/Src/stm32f4xx_hal_tim.o
                0x08001e28                HAL_TIM_ConfigClockSource
 *fill*         0x08001fb6        0x2 
 .text.TIM_Base_SetConfig
                0x08001fb8      0x158 ./Drivers/STM32F4xx_HAL_Driver/Src/stm32f4xx_hal_tim.o
                0x08001fb8                TIM_Base_SetConfig
 .text.TIM_OC1_SetConfig
                0x08002110       0xe0 ./Drivers/STM32F4xx_HAL_Driver/Src/stm32f4xx_hal_tim.o
 .text.TIM_OC2_SetConfig
                0x080021f0       0xec ./Drivers/STM32F4xx_HAL_Driver/Src/stm32f4xx_hal_tim.o
                0x080021f0                TIM_OC2_SetConfig
 .text.TIM_OC3_SetConfig
                0x080022dc       0xe8 ./Drivers/STM32F4xx_HAL_Driver/Src/stm32f4xx_hal_tim.o
 .text.TIM_OC4_SetConfig
                0x080023c4       0xac ./Drivers/STM32F4xx_HAL_Driver/Src/stm32f4xx_hal_tim.o
 .text.TIM_TI1_ConfigInputStage
                0x08002470       0x5e ./Drivers/STM32F4xx_HAL_Driver/Src/stm32f4xx_hal_tim.o
 .text.TIM_TI2_ConfigInputStage
                0x080024ce       0x60 ./Drivers/STM32F4xx_HAL_Driver/Src/stm32f4xx_hal_tim.o
 .text.TIM_ITRx_SetConfig
                0x0800252e       0x36 ./Drivers/STM32F4xx_HAL_Driver/Src/stm32f4xx_hal_tim.o
 .text.TIM_ETR_SetConfig
                0x08002564       0x40 ./Drivers/STM32F4xx_HAL_Driver/Src/stm32f4xx_hal_tim.o
                0x08002564                TIM_ETR_SetConfig
 .text.TIM_CCxChannelCmd
                0x080025a4       0x4a ./Drivers/STM32F4xx_HAL_Driver/Src/stm32f4xx_hal_tim.o
                0x080025a4                TIM_CCxChannelCmd
 *fill*         0x080025ee        0x2 
 .text.HAL_TIMEx_MasterConfigSynchronization
                0x080025f0       0xf8 ./Drivers/STM32F4xx_HAL_Driver/Src/stm32f4xx_hal_tim_ex.o
                0x080025f0                HAL_TIMEx_MasterConfigSynchronization
 .text.SERVO_voidInit
                0x080026e8       0x30 ./ECUAL/SERVO/SERVO_Program.o
                0x080026e8                SERVO_voidInit
 .text.SERVO_voidSetAngle
                0x08002718       0x36 ./ECUAL/SERVO/SERVO_Program.o
                0x08002718                SERVO_voidSetAngle
 *fill*         0x0800274e        0x2 
 .text.SERVO_f32AngleMap
                0x08002750       0x5c ./ECUAL/SERVO/SERVO_Program.o
 .text.EXTI0_IRQHandler
                0x080027ac       0x24 ./MCAL/EXTI/EXTI_Program.o
                0x080027ac                EXTI0_IRQHandler
 .text.EXTI1_IRQHandler
                0x080027d0       0x24 ./MCAL/EXTI/EXTI_Program.o
                0x080027d0                EXTI1_IRQHandler
 .text.EXTI2_IRQHandler
                0x080027f4       0x24 ./MCAL/EXTI/EXTI_Program.o
                0x080027f4                EXTI2_IRQHandler
 .text.EXTI3_IRQHandler
                0x08002818       0x24 ./MCAL/EXTI/EXTI_Program.o
                0x08002818                EXTI3_IRQHandler
 .text.EXTI4_IRQHandler
                0x0800283c       0x24 ./MCAL/EXTI/EXTI_Program.o
                0x0800283c                EXTI4_IRQHandler
 .text.EXTI9_5_IRQHandler
                0x08002860       0x64 ./MCAL/EXTI/EXTI_Program.o
                0x08002860                EXTI9_5_IRQHandler
 .text.EXTI15_10_IRQHandler
                0x080028c4       0x64 ./MCAL/EXTI/EXTI_Program.o
                0x080028c4                EXTI15_10_IRQHandler
 .text.GPIO_voidInitPin
                0x08002928      0x18c ./MCAL/GPIO/GPIO_Program.o
                0x08002928                GPIO_voidInitPin
 .text.TIMERS_voidInit
                0x08002ab4       0x14 ./MCAL/TIMERS/TIMERS_Program.o
                0x08002ab4                TIMERS_voidInit
 .text.TIM2_IRQHandler
                0x08002ac8       0x24 ./MCAL/TIMERS/TIMERS_Program.o
                0x08002ac8                TIM2_IRQHandler
 .text.TIM3_IRQHandler
                0x08002aec       0x24 ./MCAL/TIMERS/TIMERS_Program.o
                0x08002aec                TIM3_IRQHandler
 .text.TIM4_IRQHandler
                0x08002b10       0x24 ./MCAL/TIMERS/TIMERS_Program.o
                0x08002b10                TIM4_IRQHandler
 .text.TIM5_IRQHandler
                0x08002b34       0x24 ./MCAL/TIMERS/TIMERS_Program.o
                0x08002b34                TIM5_IRQHandler
 .text.TIMERS_voidInitPWM
                0x08002b58      0x1a8 ./MCAL/TIMERS/TIMERS_Program.o
                0x08002b58                TIMERS_voidInitPWM
 .text.TIMERS_voidUpdateDutyCycle
                0x08002d00       0xe4 ./MCAL/TIMERS/TIMERS_Program.o
                0x08002d00                TIMERS_voidUpdateDutyCycle
 .text.TIMERS_voidConfigurePWMPins
                0x08002de4      0x1d8 ./MCAL/TIMERS/TIMERS_Program.o
 .text.memset   0x08002fbc       0x10 C:/ST/STM32CubeIDE_1.15.1/STM32CubeIDE/plugins/com.st.stm32cube.ide.mcu.externaltools.gnu-tools-for-stm32.12.3.rel1.win32_1.0.200.202406191623/tools/bin/../lib/gcc/arm-none-eabi/12.3.1/../../../../arm-none-eabi/lib/thumb/v7e-m+fp/hard\libc_nano.a(libc_a-memset.o)
                0x08002fbc                memset
 .text.__libc_init_array
                0x08002fcc       0x48 C:/ST/STM32CubeIDE_1.15.1/STM32CubeIDE/plugins/com.st.stm32cube.ide.mcu.externaltools.gnu-tools-for-stm32.12.3.rel1.win32_1.0.200.202406191623/tools/bin/../lib/gcc/arm-none-eabi/12.3.1/../../../../arm-none-eabi/lib/thumb/v7e-m+fp/hard\libc_nano.a(libc_a-init.o)
                0x08002fcc                __libc_init_array
 *(.glue_7)
 .glue_7        0x08003014        0x0 linker stubs
 *(.glue_7t)
 .glue_7t       0x08003014        0x0 linker stubs
 *(.eh_frame)
 .eh_frame      0x08003014        0x0 C:/ST/STM32CubeIDE_1.15.1/STM32CubeIDE/plugins/com.st.stm32cube.ide.mcu.externaltools.gnu-tools-for-stm32.12.3.rel1.win32_1.0.200.202406191623/tools/bin/../lib/gcc/arm-none-eabi/12.3.1/thumb/v7e-m+fp/hard/crtbegin.o
 *(.init)
 .init          0x08003014        0x4 C:/ST/STM32CubeIDE_1.15.1/STM32CubeIDE/plugins/com.st.stm32cube.ide.mcu.externaltools.gnu-tools-for-stm32.12.3.rel1.win32_1.0.200.202406191623/tools/bin/../lib/gcc/arm-none-eabi/12.3.1/thumb/v7e-m+fp/hard/crti.o
                0x08003014                _init
 .init          0x08003018        0x8 C:/ST/STM32CubeIDE_1.15.1/STM32CubeIDE/plugins/com.st.stm32cube.ide.mcu.externaltools.gnu-tools-for-stm32.12.3.rel1.win32_1.0.200.202406191623/tools/bin/../lib/gcc/arm-none-eabi/12.3.1/thumb/v7e-m+fp/hard/crtn.o
 *(.fini)
 .fini          0x08003020        0x4 C:/ST/STM32CubeIDE_1.15.1/STM32CubeIDE/plugins/com.st.stm32cube.ide.mcu.externaltools.gnu-tools-for-stm32.12.3.rel1.win32_1.0.200.202406191623/tools/bin/../lib/gcc/arm-none-eabi/12.3.1/thumb/v7e-m+fp/hard/crti.o
                0x08003020                _fini
 .fini          0x08003024        0x8 C:/ST/STM32CubeIDE_1.15.1/STM32CubeIDE/plugins/com.st.stm32cube.ide.mcu.externaltools.gnu-tools-for-stm32.12.3.rel1.win32_1.0.200.202406191623/tools/bin/../lib/gcc/arm-none-eabi/12.3.1/thumb/v7e-m+fp/hard/crtn.o
                0x0800302c                        . = ALIGN (0x4)
                0x0800302c                        _etext = .

.vfp11_veneer   0x0800302c        0x0
 .vfp11_veneer  0x0800302c        0x0 linker stubs

.v4_bx          0x0800302c        0x0
 .v4_bx         0x0800302c        0x0 linker stubs

.iplt           0x0800302c        0x0
 .iplt          0x0800302c        0x0 C:/ST/STM32CubeIDE_1.15.1/STM32CubeIDE/plugins/com.st.stm32cube.ide.mcu.externaltools.gnu-tools-for-stm32.12.3.rel1.win32_1.0.200.202406191623/tools/bin/../lib/gcc/arm-none-eabi/12.3.1/thumb/v7e-m+fp/hard/crtbegin.o

.rodata         0x0800302c       0x10
                0x0800302c                        . = ALIGN (0x4)
 *(.rodata)
 *(.rodata*)
 .rodata.AHBPrescTable
                0x0800302c       0x10 ./Core/Src/system_stm32f4xx.o
                0x0800302c                AHBPrescTable
                0x0800303c                        . = ALIGN (0x4)

.ARM.extab      0x0800303c        0x0
                0x0800303c                        . = ALIGN (0x4)
 *(.ARM.extab* .gnu.linkonce.armextab.*)
                0x0800303c                        . = ALIGN (0x4)

.ARM            0x0800303c        0x8
                0x0800303c                        . = ALIGN (0x4)
                0x0800303c                        __exidx_start = .
 *(.ARM.exidx*)
 .ARM.exidx     0x0800303c        0x8 C:/ST/STM32CubeIDE_1.15.1/STM32CubeIDE/plugins/com.st.stm32cube.ide.mcu.externaltools.gnu-tools-for-stm32.12.3.rel1.win32_1.0.200.202406191623/tools/bin/../lib/gcc/arm-none-eabi/12.3.1/thumb/v7e-m+fp/hard\libgcc.a(_udivmoddi4.o)
                0x08003044                        __exidx_end = .
                0x08003044                        . = ALIGN (0x4)

.preinit_array  0x08003044        0x0
                0x08003044                        . = ALIGN (0x4)
                0x08003044                        PROVIDE (__preinit_array_start = .)
 *(.preinit_array*)
                0x08003044                        PROVIDE (__preinit_array_end = .)
                0x08003044                        . = ALIGN (0x4)

.init_array     0x08003044        0x4
                0x08003044                        . = ALIGN (0x4)
                0x08003044                        PROVIDE (__init_array_start = .)
 *(SORT_BY_NAME(.init_array.*))
 *(.init_array*)
 .init_array    0x08003044        0x4 C:/ST/STM32CubeIDE_1.15.1/STM32CubeIDE/plugins/com.st.stm32cube.ide.mcu.externaltools.gnu-tools-for-stm32.12.3.rel1.win32_1.0.200.202406191623/tools/bin/../lib/gcc/arm-none-eabi/12.3.1/thumb/v7e-m+fp/hard/crtbegin.o
                0x08003048                        PROVIDE (__init_array_end = .)
                0x08003048                        . = ALIGN (0x4)

.fini_array     0x08003048        0x4
                0x08003048                        . = ALIGN (0x4)
                [!provide]                        PROVIDE (__fini_array_start = .)
 *(SORT_BY_NAME(.fini_array.*))
 *(.fini_array*)
 .fini_array    0x08003048        0x4 C:/ST/STM32CubeIDE_1.15.1/STM32CubeIDE/plugins/com.st.stm32cube.ide.mcu.externaltools.gnu-tools-for-stm32.12.3.rel1.win32_1.0.200.202406191623/tools/bin/../lib/gcc/arm-none-eabi/12.3.1/thumb/v7e-m+fp/hard/crtbegin.o
                [!provide]                        PROVIDE (__fini_array_end = .)
                0x0800304c                        . = ALIGN (0x4)
                0x0800304c                        _sidata = LOADADDR (.data)

.rel.dyn        0x0800304c        0x0
 .rel.iplt      0x0800304c        0x0 C:/ST/STM32CubeIDE_1.15.1/STM32CubeIDE/plugins/com.st.stm32cube.ide.mcu.externaltools.gnu-tools-for-stm32.12.3.rel1.win32_1.0.200.202406191623/tools/bin/../lib/gcc/arm-none-eabi/12.3.1/thumb/v7e-m+fp/hard/crtbegin.o

.data           0x20000000        0xc load address 0x0800304c
                0x20000000                        . = ALIGN (0x4)
                0x20000000                        _sdata = .
 *(.data)
 *(.data*)
 .data.SystemCoreClock
                0x20000000        0x4 ./Core/Src/system_stm32f4xx.o
                0x20000000                SystemCoreClock
 .data.uwTickPrio
                0x20000004        0x4 ./Drivers/STM32F4xx_HAL_Driver/Src/stm32f4xx_hal.o
                0x20000004                uwTickPrio
 .data.uwTickFreq
                0x20000008        0x1 ./Drivers/STM32F4xx_HAL_Driver/Src/stm32f4xx_hal.o
                0x20000008                uwTickFreq
 *(.RamFunc)
 *(.RamFunc*)
                0x2000000c                        . = ALIGN (0x4)
 *fill*         0x20000009        0x3 
                0x2000000c                        _edata = .

.igot.plt       0x2000000c        0x0 load address 0x08003058
 .igot.plt      0x2000000c        0x0 C:/ST/STM32CubeIDE_1.15.1/STM32CubeIDE/plugins/com.st.stm32cube.ide.mcu.externaltools.gnu-tools-for-stm32.12.3.rel1.win32_1.0.200.202406191623/tools/bin/../lib/gcc/arm-none-eabi/12.3.1/thumb/v7e-m+fp/hard/crtbegin.o
                0x2000000c                        . = ALIGN (0x4)

.bss            0x2000000c       0xb8 load address 0x08003058
                0x2000000c                        _sbss = .
                0x2000000c                        __bss_start__ = _sbss
 *(.bss)
 .bss           0x2000000c       0x1c C:/ST/STM32CubeIDE_1.15.1/STM32CubeIDE/plugins/com.st.stm32cube.ide.mcu.externaltools.gnu-tools-for-stm32.12.3.rel1.win32_1.0.200.202406191623/tools/bin/../lib/gcc/arm-none-eabi/12.3.1/thumb/v7e-m+fp/hard/crtbegin.o
 *(.bss*)
 .bss.htim2     0x20000028       0x48 ./Core/Src/tim.o
                0x20000028                htim2
 .bss.uwTick    0x20000070        0x4 ./Drivers/STM32F4xx_HAL_Driver/Src/stm32f4xx_hal.o
                0x20000070                uwTick
 .bss.EXTI_CallBack_line
                0x20000074       0x40 ./MCAL/EXTI/EXTI_Program.o
                0x20000074                EXTI_CallBack_line
 .bss.TIMERS_CallBackFunctionTIM2
                0x200000b4        0x4 ./MCAL/TIMERS/TIMERS_Program.o
 .bss.TIMERS_CallBackFunctionTIM3
                0x200000b8        0x4 ./MCAL/TIMERS/TIMERS_Program.o
 .bss.TIMERS_CallBackFunctionTIM4
                0x200000bc        0x4 ./MCAL/TIMERS/TIMERS_Program.o
 .bss.TIMERS_CallBackFunctionTIM5
                0x200000c0        0x4 ./MCAL/TIMERS/TIMERS_Program.o
 *(COMMON)
                0x200000c4                        . = ALIGN (0x4)
                0x200000c4                        _ebss = .
                0x200000c4                        __bss_end__ = _ebss

._user_heap_stack
                0x200000c4      0x604 load address 0x08003058
                0x200000c8                        . = ALIGN (0x8)
 *fill*         0x200000c4        0x4 
                [!provide]                        PROVIDE (end = .)
                0x200000c8                        PROVIDE (_end = .)
                0x200002c8                        . = (. + _Min_Heap_Size)
 *fill*         0x200000c8      0x200 
                0x200006c8                        . = (. + _Min_Stack_Size)
 *fill*         0x200002c8      0x400 
                0x200006c8                        . = ALIGN (0x8)

/DISCARD/
 libc.a(*)
 libm.a(*)
 libgcc.a(*)

.ARM.attributes
                0x00000000       0x30
 *(.ARM.attributes)
 .ARM.attributes
                0x00000000       0x22 C:/ST/STM32CubeIDE_1.15.1/STM32CubeIDE/plugins/com.st.stm32cube.ide.mcu.externaltools.gnu-tools-for-stm32.12.3.rel1.win32_1.0.200.202406191623/tools/bin/../lib/gcc/arm-none-eabi/12.3.1/thumb/v7e-m+fp/hard/crti.o
 .ARM.attributes
                0x00000022       0x34 C:/ST/STM32CubeIDE_1.15.1/STM32CubeIDE/plugins/com.st.stm32cube.ide.mcu.externaltools.gnu-tools-for-stm32.12.3.rel1.win32_1.0.200.202406191623/tools/bin/../lib/gcc/arm-none-eabi/12.3.1/thumb/v7e-m+fp/hard/crtbegin.o
 .ARM.attributes
                0x00000056       0x34 ./Core/Src/gpio.o
 .ARM.attributes
                0x0000008a       0x34 ./Core/Src/main.o
 .ARM.attributes
                0x000000be       0x34 ./Core/Src/stm32f4xx_hal_msp.o
 .ARM.attributes
                0x000000f2       0x34 ./Core/Src/stm32f4xx_it.o
 .ARM.attributes
                0x00000126       0x34 ./Core/Src/system_stm32f4xx.o
 .ARM.attributes
                0x0000015a       0x34 ./Core/Src/tim.o
 .ARM.attributes
                0x0000018e       0x21 ./Core/Startup/startup_stm32f446retx.o
 .ARM.attributes
                0x000001af       0x34 ./Drivers/STM32F4xx_HAL_Driver/Src/stm32f4xx_hal.o
 .ARM.attributes
                0x000001e3       0x34 ./Drivers/STM32F4xx_HAL_Driver/Src/stm32f4xx_hal_cortex.o
 .ARM.attributes
                0x00000217       0x34 ./Drivers/STM32F4xx_HAL_Driver/Src/stm32f4xx_hal_gpio.o
 .ARM.attributes
                0x0000024b       0x34 ./Drivers/STM32F4xx_HAL_Driver/Src/stm32f4xx_hal_rcc.o
 .ARM.attributes
                0x0000027f       0x34 ./Drivers/STM32F4xx_HAL_Driver/Src/stm32f4xx_hal_rcc_ex.o
 .ARM.attributes
                0x000002b3       0x34 ./Drivers/STM32F4xx_HAL_Driver/Src/stm32f4xx_hal_tim.o
 .ARM.attributes
                0x000002e7       0x34 ./Drivers/STM32F4xx_HAL_Driver/Src/stm32f4xx_hal_tim_ex.o
 .ARM.attributes
                0x0000031b       0x34 ./ECUAL/SERVO/SERVO_Program.o
 .ARM.attributes
                0x0000034f       0x34 ./MCAL/EXTI/EXTI_Program.o
 .ARM.attributes
                0x00000383       0x34 ./MCAL/GPIO/GPIO_Program.o
 .ARM.attributes
                0x000003b7       0x34 ./MCAL/TIMERS/TIMERS_Program.o
 .ARM.attributes
                0x000003eb       0x34 C:/ST/STM32CubeIDE_1.15.1/STM32CubeIDE/plugins/com.st.stm32cube.ide.mcu.externaltools.gnu-tools-for-stm32.12.3.rel1.win32_1.0.200.202406191623/tools/bin/../lib/gcc/arm-none-eabi/12.3.1/../../../../arm-none-eabi/lib/thumb/v7e-m+fp/hard\libc_nano.a(libc_a-memset.o)
 .ARM.attributes
                0x0000041f       0x34 C:/ST/STM32CubeIDE_1.15.1/STM32CubeIDE/plugins/com.st.stm32cube.ide.mcu.externaltools.gnu-tools-for-stm32.12.3.rel1.win32_1.0.200.202406191623/tools/bin/../lib/gcc/arm-none-eabi/12.3.1/../../../../arm-none-eabi/lib/thumb/v7e-m+fp/hard\libc_nano.a(libc_a-init.o)
 .ARM.attributes
                0x00000453       0x22 C:/ST/STM32CubeIDE_1.15.1/STM32CubeIDE/plugins/com.st.stm32cube.ide.mcu.externaltools.gnu-tools-for-stm32.12.3.rel1.win32_1.0.200.202406191623/tools/bin/../lib/gcc/arm-none-eabi/12.3.1/thumb/v7e-m+fp/hard\libgcc.a(_aeabi_uldivmod.o)
 .ARM.attributes
                0x00000475       0x34 C:/ST/STM32CubeIDE_1.15.1/STM32CubeIDE/plugins/com.st.stm32cube.ide.mcu.externaltools.gnu-tools-for-stm32.12.3.rel1.win32_1.0.200.202406191623/tools/bin/../lib/gcc/arm-none-eabi/12.3.1/thumb/v7e-m+fp/hard\libgcc.a(_udivmoddi4.o)
 .ARM.attributes
                0x000004a9       0x22 C:/ST/STM32CubeIDE_1.15.1/STM32CubeIDE/plugins/com.st.stm32cube.ide.mcu.externaltools.gnu-tools-for-stm32.12.3.rel1.win32_1.0.200.202406191623/tools/bin/../lib/gcc/arm-none-eabi/12.3.1/thumb/v7e-m+fp/hard\libgcc.a(_dvmd_tls.o)
 .ARM.attributes
                0x000004cb       0x22 C:/ST/STM32CubeIDE_1.15.1/STM32CubeIDE/plugins/com.st.stm32cube.ide.mcu.externaltools.gnu-tools-for-stm32.12.3.rel1.win32_1.0.200.202406191623/tools/bin/../lib/gcc/arm-none-eabi/12.3.1/thumb/v7e-m+fp/hard/crtn.o
OUTPUT(Servo.elf elf32-littlearm)
LOAD linker stubs
LOAD C:/ST/STM32CubeIDE_1.15.1/STM32CubeIDE/plugins/com.st.stm32cube.ide.mcu.externaltools.gnu-tools-for-stm32.12.3.rel1.win32_1.0.200.202406191623/tools/bin/../lib/gcc/arm-none-eabi/12.3.1/../../../../arm-none-eabi/lib/thumb/v7e-m+fp/hard\libc.a
LOAD C:/ST/STM32CubeIDE_1.15.1/STM32CubeIDE/plugins/com.st.stm32cube.ide.mcu.externaltools.gnu-tools-for-stm32.12.3.rel1.win32_1.0.200.202406191623/tools/bin/../lib/gcc/arm-none-eabi/12.3.1/../../../../arm-none-eabi/lib/thumb/v7e-m+fp/hard\libm.a
LOAD C:/ST/STM32CubeIDE_1.15.1/STM32CubeIDE/plugins/com.st.stm32cube.ide.mcu.externaltools.gnu-tools-for-stm32.12.3.rel1.win32_1.0.200.202406191623/tools/bin/../lib/gcc/arm-none-eabi/12.3.1/thumb/v7e-m+fp/hard\libgcc.a

.debug_info     0x00000000     0xa28b
 .debug_info    0x00000000      0x299 ./Core/Src/gpio.o
 .debug_info    0x00000299      0xceb ./Core/Src/main.o
 .debug_info    0x00000f84      0x299 ./Core/Src/stm32f4xx_hal_msp.o
 .debug_info    0x0000121d      0x112 ./Core/Src/stm32f4xx_it.o
 .debug_info    0x0000132f      0x54a ./Core/Src/system_stm32f4xx.o
 .debug_info    0x00001879      0xc1f ./Core/Src/tim.o
 .debug_info    0x00002498       0x30 ./Core/Startup/startup_stm32f446retx.o
 .debug_info    0x000024c8      0x99a ./Drivers/STM32F4xx_HAL_Driver/Src/stm32f4xx_hal.o
 .debug_info    0x00002e62      0xdaa ./Drivers/STM32F4xx_HAL_Driver/Src/stm32f4xx_hal_cortex.o
 .debug_info    0x00003c0c      0x70b ./Drivers/STM32F4xx_HAL_Driver/Src/stm32f4xx_hal_gpio.o
 .debug_info    0x00004317      0x8eb ./Drivers/STM32F4xx_HAL_Driver/Src/stm32f4xx_hal_rcc.o
 .debug_info    0x00004c02      0x956 ./Drivers/STM32F4xx_HAL_Driver/Src/stm32f4xx_hal_rcc_ex.o
 .debug_info    0x00005558     0x299d ./Drivers/STM32F4xx_HAL_Driver/Src/stm32f4xx_hal_tim.o
 .debug_info    0x00007ef5     0x14db ./Drivers/STM32F4xx_HAL_Driver/Src/stm32f4xx_hal_tim_ex.o
 .debug_info    0x000093d0      0x2ea ./ECUAL/SERVO/SERVO_Program.o
 .debug_info    0x000096ba      0x2bd ./MCAL/EXTI/EXTI_Program.o
 .debug_info    0x00009977      0x3de ./MCAL/GPIO/GPIO_Program.o
 .debug_info    0x00009d55      0x536 ./MCAL/TIMERS/TIMERS_Program.o

.debug_abbrev   0x00000000     0x1e30
 .debug_abbrev  0x00000000       0xd8 ./Core/Src/gpio.o
 .debug_abbrev  0x000000d8      0x246 ./Core/Src/main.o
 .debug_abbrev  0x0000031e       0xd8 ./Core/Src/stm32f4xx_hal_msp.o
 .debug_abbrev  0x000003f6       0x73 ./Core/Src/stm32f4xx_it.o
 .debug_abbrev  0x00000469      0x11a ./Core/Src/system_stm32f4xx.o
 .debug_abbrev  0x00000583      0x219 ./Core/Src/tim.o
 .debug_abbrev  0x0000079c       0x24 ./Core/Startup/startup_stm32f446retx.o
 .debug_abbrev  0x000007c0      0x214 ./Drivers/STM32F4xx_HAL_Driver/Src/stm32f4xx_hal.o
 .debug_abbrev  0x000009d4      0x31d ./Drivers/STM32F4xx_HAL_Driver/Src/stm32f4xx_hal_cortex.o
 .debug_abbrev  0x00000cf1      0x1d4 ./Drivers/STM32F4xx_HAL_Driver/Src/stm32f4xx_hal_gpio.o
 .debug_abbrev  0x00000ec5      0x2b7 ./Drivers/STM32F4xx_HAL_Driver/Src/stm32f4xx_hal_rcc.o
 .debug_abbrev  0x0000117c      0x20a ./Drivers/STM32F4xx_HAL_Driver/Src/stm32f4xx_hal_rcc_ex.o
 .debug_abbrev  0x00001386      0x278 ./Drivers/STM32F4xx_HAL_Driver/Src/stm32f4xx_hal_tim.o
 .debug_abbrev  0x000015fe      0x283 ./Drivers/STM32F4xx_HAL_Driver/Src/stm32f4xx_hal_tim_ex.o
 .debug_abbrev  0x00001881      0x12c ./ECUAL/SERVO/SERVO_Program.o
 .debug_abbrev  0x000019ad      0x168 ./MCAL/EXTI/EXTI_Program.o
 .debug_abbrev  0x00001b15      0x184 ./MCAL/GPIO/GPIO_Program.o
 .debug_abbrev  0x00001c99      0x197 ./MCAL/TIMERS/TIMERS_Program.o

.debug_aranges  0x00000000      0xb80
 .debug_aranges
                0x00000000       0x20 ./Core/Src/gpio.o
 .debug_aranges
                0x00000020       0x30 ./Core/Src/main.o
 .debug_aranges
                0x00000050       0x20 ./Core/Src/stm32f4xx_hal_msp.o
 .debug_aranges
                0x00000070       0x60 ./Core/Src/stm32f4xx_it.o
 .debug_aranges
                0x000000d0       0x28 ./Core/Src/system_stm32f4xx.o
 .debug_aranges
                0x000000f8       0x38 ./Core/Src/tim.o
 .debug_aranges
                0x00000130       0x28 ./Core/Startup/startup_stm32f446retx.o
 .debug_aranges
                0x00000158       0xf0 ./Drivers/STM32F4xx_HAL_Driver/Src/stm32f4xx_hal.o
 .debug_aranges
                0x00000248      0x130 ./Drivers/STM32F4xx_HAL_Driver/Src/stm32f4xx_hal_cortex.o
 .debug_aranges
                0x00000378       0x58 ./Drivers/STM32F4xx_HAL_Driver/Src/stm32f4xx_hal_gpio.o
 .debug_aranges
                0x000003d0       0x88 ./Drivers/STM32F4xx_HAL_Driver/Src/stm32f4xx_hal_rcc.o
 .debug_aranges
                0x00000458       0x78 ./Drivers/STM32F4xx_HAL_Driver/Src/stm32f4xx_hal_rcc_ex.o
 .debug_aranges
                0x000004d0      0x3d0 ./Drivers/STM32F4xx_HAL_Driver/Src/stm32f4xx_hal_tim.o
 .debug_aranges
                0x000008a0      0x168 ./Drivers/STM32F4xx_HAL_Driver/Src/stm32f4xx_hal_tim_ex.o
 .debug_aranges
                0x00000a08       0x30 ./ECUAL/SERVO/SERVO_Program.o
 .debug_aranges
                0x00000a38       0x78 ./MCAL/EXTI/EXTI_Program.o
 .debug_aranges
                0x00000ab0       0x58 ./MCAL/GPIO/GPIO_Program.o
 .debug_aranges
                0x00000b08       0x78 ./MCAL/TIMERS/TIMERS_Program.o

.debug_rnglists
                0x00000000      0x8c9
 .debug_rnglists
                0x00000000       0x13 ./Core/Src/gpio.o
 .debug_rnglists
                0x00000013       0x20 ./Core/Src/main.o
 .debug_rnglists
                0x00000033       0x13 ./Core/Src/stm32f4xx_hal_msp.o
 .debug_rnglists
                0x00000046       0x43 ./Core/Src/stm32f4xx_it.o
 .debug_rnglists
                0x00000089       0x1a ./Core/Src/system_stm32f4xx.o
 .debug_rnglists
                0x000000a3       0x26 ./Core/Src/tim.o
 .debug_rnglists
                0x000000c9       0x19 ./Core/Startup/startup_stm32f446retx.o
 .debug_rnglists
                0x000000e2       0xaf ./Drivers/STM32F4xx_HAL_Driver/Src/stm32f4xx_hal.o
 .debug_rnglists
                0x00000191       0xe0 ./Drivers/STM32F4xx_HAL_Driver/Src/stm32f4xx_hal_cortex.o
 .debug_rnglists
                0x00000271       0x3f ./Drivers/STM32F4xx_HAL_Driver/Src/stm32f4xx_hal_gpio.o
 .debug_rnglists
                0x000002b0       0x66 ./Drivers/STM32F4xx_HAL_Driver/Src/stm32f4xx_hal_rcc.o
 .debug_rnglists
                0x00000316       0x5e ./Drivers/STM32F4xx_HAL_Driver/Src/stm32f4xx_hal_rcc_ex.o
 .debug_rnglists
                0x00000374      0x31a ./Drivers/STM32F4xx_HAL_Driver/Src/stm32f4xx_hal_tim.o
 .debug_rnglists
                0x0000068e      0x125 ./Drivers/STM32F4xx_HAL_Driver/Src/stm32f4xx_hal_tim_ex.o
 .debug_rnglists
                0x000007b3       0x1f ./ECUAL/SERVO/SERVO_Program.o
 .debug_rnglists
                0x000007d2       0x57 ./MCAL/EXTI/EXTI_Program.o
 .debug_rnglists
                0x00000829       0x45 ./MCAL/GPIO/GPIO_Program.o
 .debug_rnglists
                0x0000086e       0x5b ./MCAL/TIMERS/TIMERS_Program.o

.debug_macro    0x00000000    0x21107
 .debug_macro   0x00000000      0x1d8 ./Core/Src/gpio.o
 .debug_macro   0x000001d8      0xab4 ./Core/Src/gpio.o
 .debug_macro   0x00000c8c      0x295 ./Core/Src/gpio.o
 .debug_macro   0x00000f21       0x2e ./Core/Src/gpio.o
 .debug_macro   0x00000f4f       0x28 ./Core/Src/gpio.o
 .debug_macro   0x00000f77       0x22 ./Core/Src/gpio.o
 .debug_macro   0x00000f99       0x8e ./Core/Src/gpio.o
 .debug_macro   0x00001027       0x51 ./Core/Src/gpio.o
 .debug_macro   0x00001078      0x103 ./Core/Src/gpio.o
 .debug_macro   0x0000117b       0x6a ./Core/Src/gpio.o
 .debug_macro   0x000011e5      0x1df ./Core/Src/gpio.o
 .debug_macro   0x000013c4       0x1c ./Core/Src/gpio.o
 .debug_macro   0x000013e0       0x22 ./Core/Src/gpio.o
 .debug_macro   0x00001402       0xfb ./Core/Src/gpio.o
 .debug_macro   0x000014fd     0x1011 ./Core/Src/gpio.o
 .debug_macro   0x0000250e      0x11f ./Core/Src/gpio.o
 .debug_macro   0x0000262d    0x16749 ./Core/Src/gpio.o
 .debug_macro   0x00018d76       0x6d ./Core/Src/gpio.o
 .debug_macro   0x00018de3     0x369a ./Core/Src/gpio.o
 .debug_macro   0x0001c47d      0x189 ./Core/Src/gpio.o
 .debug_macro   0x0001c606       0x5c ./Core/Src/gpio.o
 .debug_macro   0x0001c662      0xca5 ./Core/Src/gpio.o
 .debug_macro   0x0001d307      0x9e9 ./Core/Src/gpio.o
 .debug_macro   0x0001dcf0      0x115 ./Core/Src/gpio.o
 .debug_macro   0x0001de05      0x1a0 ./Core/Src/gpio.o
 .debug_macro   0x0001dfa5       0xa5 ./Core/Src/gpio.o
 .debug_macro   0x0001e04a      0x16d ./Core/Src/gpio.o
 .debug_macro   0x0001e1b7      0x287 ./Core/Src/gpio.o
 .debug_macro   0x0001e43e       0x5f ./Core/Src/gpio.o
 .debug_macro   0x0001e49d      0x236 ./Core/Src/gpio.o
 .debug_macro   0x0001e6d3      0x132 ./Core/Src/gpio.o
 .debug_macro   0x0001e805      0x29c ./Core/Src/gpio.o
 .debug_macro   0x0001eaa1       0x2e ./Core/Src/gpio.o
 .debug_macro   0x0001eacf      0x127 ./Core/Src/gpio.o
 .debug_macro   0x0001ebf6       0xe8 ./Core/Src/gpio.o
 .debug_macro   0x0001ecde       0x89 ./Core/Src/gpio.o
 .debug_macro   0x0001ed67      0x8ed ./Core/Src/gpio.o
 .debug_macro   0x0001f654       0x53 ./Core/Src/gpio.o
 .debug_macro   0x0001f6a7      0x126 ./Core/Src/gpio.o
 .debug_macro   0x0001f7cd      0x23a ./Core/Src/main.o
 .debug_macro   0x0001fa07       0x10 ./Core/Src/main.o
 .debug_macro   0x0001fa17       0x52 ./Core/Src/main.o
 .debug_macro   0x0001fa69       0x58 ./Core/Src/main.o
 .debug_macro   0x0001fac1       0x10 ./Core/Src/main.o
 .debug_macro   0x0001fad1       0x6a ./Core/Src/main.o
 .debug_macro   0x0001fb3b       0x76 ./Core/Src/main.o
 .debug_macro   0x0001fbb1      0x1ce ./Core/Src/stm32f4xx_hal_msp.o
 .debug_macro   0x0001fd7f      0x1d8 ./Core/Src/stm32f4xx_it.o
 .debug_macro   0x0001ff57      0x1c4 ./Core/Src/system_stm32f4xx.o
 .debug_macro   0x0002011b      0x1d8 ./Core/Src/tim.o
 .debug_macro   0x000202f3      0x224 ./Drivers/STM32F4xx_HAL_Driver/Src/stm32f4xx_hal.o
 .debug_macro   0x00020517      0x1c4 ./Drivers/STM32F4xx_HAL_Driver/Src/stm32f4xx_hal_cortex.o
 .debug_macro   0x000206db      0x1ca ./Drivers/STM32F4xx_HAL_Driver/Src/stm32f4xx_hal_gpio.o
 .debug_macro   0x000208a5      0x1e8 ./Drivers/STM32F4xx_HAL_Driver/Src/stm32f4xx_hal_rcc.o
 .debug_macro   0x00020a8d      0x1c4 ./Drivers/STM32F4xx_HAL_Driver/Src/stm32f4xx_hal_rcc_ex.o
 .debug_macro   0x00020c51      0x1c5 ./Drivers/STM32F4xx_HAL_Driver/Src/stm32f4xx_hal_tim.o
 .debug_macro   0x00020e16      0x1c4 ./Drivers/STM32F4xx_HAL_Driver/Src/stm32f4xx_hal_tim_ex.o
 .debug_macro   0x00020fda       0x65 ./ECUAL/SERVO/SERVO_Program.o
 .debug_macro   0x0002103f       0x32 ./MCAL/EXTI/EXTI_Program.o
 .debug_macro   0x00021071       0x3b ./MCAL/GPIO/GPIO_Program.o
 .debug_macro   0x000210ac       0x5b ./MCAL/TIMERS/TIMERS_Program.o

.debug_line     0x00000000     0xd4eb
 .debug_line    0x00000000      0x733 ./Core/Src/gpio.o
 .debug_line    0x00000733      0x999 ./Core/Src/main.o
 .debug_line    0x000010cc      0x737 ./Core/Src/stm32f4xx_hal_msp.o
 .debug_line    0x00001803      0x7f9 ./Core/Src/stm32f4xx_it.o
 .debug_line    0x00001ffc      0x7bb ./Core/Src/system_stm32f4xx.o
 .debug_line    0x000027b7      0x7f2 ./Core/Src/tim.o
 .debug_line    0x00002fa9       0x7a ./Core/Startup/startup_stm32f446retx.o
 .debug_line    0x00003023      0xa24 ./Drivers/STM32F4xx_HAL_Driver/Src/stm32f4xx_hal.o
 .debug_line    0x00003a47      0xd16 ./Drivers/STM32F4xx_HAL_Driver/Src/stm32f4xx_hal_cortex.o
 .debug_line    0x0000475d      0xb9c ./Drivers/STM32F4xx_HAL_Driver/Src/stm32f4xx_hal_gpio.o
 .debug_line    0x000052f9      0xdb9 ./Drivers/STM32F4xx_HAL_Driver/Src/stm32f4xx_hal_rcc.o
 .debug_line    0x000060b2     0x1428 ./Drivers/STM32F4xx_HAL_Driver/Src/stm32f4xx_hal_rcc_ex.o
 .debug_line    0x000074da     0x37c8 ./Drivers/STM32F4xx_HAL_Driver/Src/stm32f4xx_hal_tim.o
 .debug_line    0x0000aca2     0x1a1a ./Drivers/STM32F4xx_HAL_Driver/Src/stm32f4xx_hal_tim_ex.o
 .debug_line    0x0000c6bc      0x1f2 ./ECUAL/SERVO/SERVO_Program.o
 .debug_line    0x0000c8ae      0x36e ./MCAL/EXTI/EXTI_Program.o
 .debug_line    0x0000cc1c      0x450 ./MCAL/GPIO/GPIO_Program.o
 .debug_line    0x0000d06c      0x47f ./MCAL/TIMERS/TIMERS_Program.o

.debug_str      0x00000000    0xcb637
 .debug_str     0x00000000    0xc7667 ./Core/Src/gpio.o
                              0xc78e0 (size before relaxing)
 .debug_str     0x000c7667      0xdb1 ./Core/Src/main.o
                              0xc873e (size before relaxing)
 .debug_str     0x000c8418       0x2c ./Core/Src/stm32f4xx_hal_msp.o
                              0xc78e0 (size before relaxing)
 .debug_str     0x000c8444       0xc9 ./Core/Src/stm32f4xx_it.o
                              0xc7841 (size before relaxing)
 .debug_str     0x000c850d       0xdb ./Core/Src/system_stm32f4xx.o
                              0xc7990 (size before relaxing)
 .debug_str     0x000c85e8      0x26b ./Core/Src/tim.o
                              0xc80cb (size before relaxing)
 .debug_str     0x000c8853       0x44 ./Core/Startup/startup_stm32f446retx.o
                                 0x87 (size before relaxing)
 .debug_str     0x000c8897      0xb2e ./Drivers/STM32F4xx_HAL_Driver/Src/stm32f4xx_hal.o
                              0xc8555 (size before relaxing)
 .debug_str     0x000c93c5      0x397 ./Drivers/STM32F4xx_HAL_Driver/Src/stm32f4xx_hal_cortex.o
                              0xc82ac (size before relaxing)
 .debug_str     0x000c975c      0x16d ./Drivers/STM32F4xx_HAL_Driver/Src/stm32f4xx_hal_gpio.o
                              0xc7b0b (size before relaxing)
 .debug_str     0x000c98c9      0x233 ./Drivers/STM32F4xx_HAL_Driver/Src/stm32f4xx_hal_rcc.o
                              0xc7dc9 (size before relaxing)
 .debug_str     0x000c9afc      0x324 ./Drivers/STM32F4xx_HAL_Driver/Src/stm32f4xx_hal_rcc_ex.o
                              0xc7dfc (size before relaxing)
 .debug_str     0x000c9e20      0xd8f ./Drivers/STM32F4xx_HAL_Driver/Src/stm32f4xx_hal_tim.o
                              0xc8cf5 (size before relaxing)
 .debug_str     0x000cabaf      0x493 ./Drivers/STM32F4xx_HAL_Driver/Src/stm32f4xx_hal_tim_ex.o
                              0xc8501 (size before relaxing)
 .debug_str     0x000cb042       0x99 ./ECUAL/SERVO/SERVO_Program.o
                               0x3658 (size before relaxing)
 .debug_str     0x000cb0db      0x22e ./MCAL/EXTI/EXTI_Program.o
                               0x30dd (size before relaxing)
 .debug_str     0x000cb309      0x141 ./MCAL/GPIO/GPIO_Program.o
                               0x32d9 (size before relaxing)
 .debug_str     0x000cb44a      0x1ed ./MCAL/TIMERS/TIMERS_Program.o
                               0x3826 (size before relaxing)

.comment        0x00000000       0x43
 .comment       0x00000000       0x43 ./Core/Src/gpio.o
                                 0x44 (size before relaxing)
 .comment       0x00000043       0x44 ./Core/Src/main.o
 .comment       0x00000043       0x44 ./Core/Src/stm32f4xx_hal_msp.o
 .comment       0x00000043       0x44 ./Core/Src/stm32f4xx_it.o
 .comment       0x00000043       0x44 ./Core/Src/system_stm32f4xx.o
 .comment       0x00000043       0x44 ./Core/Src/tim.o
 .comment       0x00000043       0x44 ./Drivers/STM32F4xx_HAL_Driver/Src/stm32f4xx_hal.o
 .comment       0x00000043       0x44 ./Drivers/STM32F4xx_HAL_Driver/Src/stm32f4xx_hal_cortex.o
 .comment       0x00000043       0x44 ./Drivers/STM32F4xx_HAL_Driver/Src/stm32f4xx_hal_gpio.o
 .comment       0x00000043       0x44 ./Drivers/STM32F4xx_HAL_Driver/Src/stm32f4xx_hal_rcc.o
 .comment       0x00000043       0x44 ./Drivers/STM32F4xx_HAL_Driver/Src/stm32f4xx_hal_rcc_ex.o
 .comment       0x00000043       0x44 ./Drivers/STM32F4xx_HAL_Driver/Src/stm32f4xx_hal_tim.o
 .comment       0x00000043       0x44 ./Drivers/STM32F4xx_HAL_Driver/Src/stm32f4xx_hal_tim_ex.o
 .comment       0x00000043       0x44 ./ECUAL/SERVO/SERVO_Program.o
 .comment       0x00000043       0x44 ./MCAL/EXTI/EXTI_Program.o
 .comment       0x00000043       0x44 ./MCAL/GPIO/GPIO_Program.o
 .comment       0x00000043       0x44 ./MCAL/TIMERS/TIMERS_Program.o

.debug_frame    0x00000000     0x2e60
 .debug_frame   0x00000000       0x38 ./Core/Src/gpio.o
 .debug_frame   0x00000038       0x6c ./Core/Src/main.o
 .debug_frame   0x000000a4       0x38 ./Core/Src/stm32f4xx_hal_msp.o
 .debug_frame   0x000000dc      0x104 ./Core/Src/stm32f4xx_it.o
 .debug_frame   0x000001e0       0x58 ./Core/Src/system_stm32f4xx.o
 .debug_frame   0x00000238       0xa8 ./Core/Src/tim.o
 .debug_frame   0x000002e0      0x374 ./Drivers/STM32F4xx_HAL_Driver/Src/stm32f4xx_hal.o
 .debug_frame   0x00000654      0x508 ./Drivers/STM32F4xx_HAL_Driver/Src/stm32f4xx_hal_cortex.o
 .debug_frame   0x00000b5c      0x14c ./Drivers/STM32F4xx_HAL_Driver/Src/stm32f4xx_hal_gpio.o
 .debug_frame   0x00000ca8      0x1f4 ./Drivers/STM32F4xx_HAL_Driver/Src/stm32f4xx_hal_rcc.o
 .debug_frame   0x00000e9c      0x1e8 ./Drivers/STM32F4xx_HAL_Driver/Src/stm32f4xx_hal_rcc_ex.o
 .debug_frame   0x00001084     0x11c0 ./Drivers/STM32F4xx_HAL_Driver/Src/stm32f4xx_hal_tim.o
 .debug_frame   0x00002244      0x638 ./Drivers/STM32F4xx_HAL_Driver/Src/stm32f4xx_hal_tim_ex.o
 .debug_frame   0x0000287c       0x84 ./ECUAL/SERVO/SERVO_Program.o
 .debug_frame   0x00002900      0x1ac ./MCAL/EXTI/EXTI_Program.o
 .debug_frame   0x00002aac      0x150 ./MCAL/GPIO/GPIO_Program.o
 .debug_frame   0x00002bfc      0x1b8 ./MCAL/TIMERS/TIMERS_Program.o
 .debug_frame   0x00002db4       0x20 C:/ST/STM32CubeIDE_1.15.1/STM32CubeIDE/plugins/com.st.stm32cube.ide.mcu.externaltools.gnu-tools-for-stm32.12.3.rel1.win32_1.0.200.202406191623/tools/bin/../lib/gcc/arm-none-eabi/12.3.1/../../../../arm-none-eabi/lib/thumb/v7e-m+fp/hard\libc_nano.a(libc_a-memset.o)
 .debug_frame   0x00002dd4       0x2c C:/ST/STM32CubeIDE_1.15.1/STM32CubeIDE/plugins/com.st.stm32cube.ide.mcu.externaltools.gnu-tools-for-stm32.12.3.rel1.win32_1.0.200.202406191623/tools/bin/../lib/gcc/arm-none-eabi/12.3.1/../../../../arm-none-eabi/lib/thumb/v7e-m+fp/hard\libc_nano.a(libc_a-init.o)
 .debug_frame   0x00002e00       0x2c C:/ST/STM32CubeIDE_1.15.1/STM32CubeIDE/plugins/com.st.stm32cube.ide.mcu.externaltools.gnu-tools-for-stm32.12.3.rel1.win32_1.0.200.202406191623/tools/bin/../lib/gcc/arm-none-eabi/12.3.1/thumb/v7e-m+fp/hard\libgcc.a(_aeabi_uldivmod.o)
 .debug_frame   0x00002e2c       0x34 C:/ST/STM32CubeIDE_1.15.1/STM32CubeIDE/plugins/com.st.stm32cube.ide.mcu.externaltools.gnu-tools-for-stm32.12.3.rel1.win32_1.0.200.202406191623/tools/bin/../lib/gcc/arm-none-eabi/12.3.1/thumb/v7e-m+fp/hard\libgcc.a(_udivmoddi4.o)

.debug_line_str
                0x00000000       0x6b
 .debug_line_str
                0x00000000       0x6b ./Core/Startup/startup_stm32f446retx.o
